38 > 37.155.2.67 Connected !
38 > 37.155.2.67 > 78 78 0D 01 03 52 67 21 07 20 72 01 00 09 22 D3 0D 0A
38 > 37.155.2.67 > 78 78 0A 13 04 06 04 00 01 00 0A 2B 65 0D 0A
38 > 37.155.2.67 > 78 78 22 22 04 01 01 00 08 36 C0 04 65 B8 F8 03 19 28 5E 00 04 F4 01 1E 03 5B 6E 00 08 C3 00 00 00 00 0B 85 CA 0D 0A
38 > 37.155.2.67 > 78 78 22 22 17 06 01 0B 2F 12 C6 04 65 B9 A0 03 19 28 BB 00 14 00 01 1E 03 5B 6E 00 08 C3 00 00 00 00 8D 14 11 0D 0A
38 > 37.155.2.67 > 78 78 22 22 17 06 01 0B 2F 1C C6 04 65 B9 A0 03 19 28 AF 00 14 00 01 1E 03 5B 6E 00 08 C3 00 00 00 00 8E 8B 73 0D 0A
38 > 37.155.2.67 > 78 78 22 22 04 01 01 00 09 04 C0 04 65 B8 F8 03 19 28 5E 00 04 F4 01 1E 03 5B 6E 00 08 C3 00 00 00 00 0C E7 C9 0D 0A
38 > 37.155.2.67 > 78 78 22 22 17 06 01 0B 2F 26 C6 04 65 B9 A0 03 19 28 A5 00 14 00 01 1E 03 5B 6E 00 08 C3 00 00 00 00 8F 24 8E 0D 0A
39 > 195.142.129.2 Connected !
38 > 37.155.2.67 > 78 78 22 22 17 06 01 0B 2F 30 C6 04 65 B9 A0 03 19 28 9D 00 14 00 01 1E 03 5B 6E 00 08 C3 00 00 00 00 90 5F AD 0D 0A
38 > 37.155.2.67 > 78 78 22 22 17 06 01 0B 2F 3A C6 04 65 B9 A3 03 19 28 94 00 14 00 01 1E 03 5B 6E 00 08 C3 00 00 00 00 91 4F B0 0D 0A
38 > 37.155.2.67 > 78 78 22 22 17 06 01 0B 30 08 C6 04 65 B9 A6 03 19 28 8A 00 14 00 01 1E 03 5B 6E 00 08 C3 00 00 00 00 92 02 E6 0D 0A
38 > 37.155.2.67 > 78 78 22 22 17 06 01 0B 30 12 C6 04 65 B9 A9 03 19 28 85 00 14 00 01 1E 03 5B 6E 00 08 C3 00 00 00 00 93 A9 D4 0D 0A
38 > 37.155.2.67 > 78 78 22 22 17 06 01 0B 30 1C C6 04 65 B9 A9 03 19 28 82 00 14 00 01 1E 03 5B 6E 00 08 C3 00 00 00 00 94 48 62 0D 0A
39 > 195.142.129.2 > 61 61 61 61 61 61 61 61
38 > 37.155.2.67 > 78 78 22 22 04 01 01 00 09 0E C0 04 65 B8 F8 03 19 28 5E 00 04 F4 01 1E 03 5B 6E 00 08 C3 00 00 00 00 0D 3E 17 0D 0A
38 > 37.155.2.67 > 78 78 22 22 17 06 01 0B 30 26 C5 04 65 B9 AC 03 19 28 7F 00 14 00 01 1E 03 5B 6E 00 08 C3 00 00 00 00 95 0C 4C 0D 0A
39 > 195.142.129.2 > 61 61 61 61 61 61
38 > 37.155.2.67 > 78 78 22 22 17 06 01 0B 30 30 C5 04 65 B9 A9 03 19 28 79 00 14 00 01 1E 03 5B 6E 00 08 C3 00 00 00 00 96 BE 27 0D 0A
39 > 195.142.129.2 > 61 61 61 61 61 61
38 > 37.155.2.67 > 78 78 22 22 17 06 01 0B 30 3A C5 04 65 B9 A9 03 19 28 75 00 14 00 01 1E 03 5B 6E 00 08 C3 00 00 00 00 97 A7 BD 0D 0A
38 > 37.155.2.67 > 78 78 22 22 17 06 01 0B 31 08 C6 04 65 B9 A9 03 19 28 73 00 14 00 01 1E 03 5B 6E 00 08 C3 00 00 00 00 98 25 59 0D 0A
38 > 37.155.2.67 > 78 78 22 22 17 06 01 0B 31 12 C6 04 65 B9 A9 03 19 28 6F 00 14 00 01 1E 03 5B 6E 00 08 C3 00 00 00 00 99 81 EE 0D 0A
38 > 37.155.2.67 > 78 78 22 22 17 06 01 0B 31 1C C6 04 65 B9 A9 03 19 28 6D 00 14 00 01 1E 03 5B 6E 00 08 C3 00 00 00 00 9A 76 4F 0D 0A
38 > 37.155.2.67 > 78 78 0A 13 04 06 04 00 01 00 0E 6D 41 0D 0A
38 > 37.155.2.67 > 78 78 22 22 17 06 01 0B 31 26 C6 04 65 B9 A9 03 19 28 6D 00 14 00 01 1E 03 5B 6E 00 08 C3 00 00 00 00 9B 79 D4 0D 0A
38 > 37.155.2.67 > 78 78 22 22 17 06 01 0B 31 30 C6 04 65 B9 A9 03 19 28 6D 00 14 00 01 1E 03 5B 6E 00 08 C3 00 00 00 00 9C 07 65 0D 0A
38 > 37.155.2.67 > 78 78 22 22 04 01 01 00 09 18 C0 04 65 B8 F8 03 19 28 5E 00 04 F4 01 1E 03 5B 6E 00 08 C3 00 00 00 00 0F 17 0B 0D 0A
38 > 37.155.2.67 > 78 78 22 22 17 06 01 0B 31 3A C6 04 65 B9 A6 03 19 28 6D 00 14 00 01 1E 03 5B 6E 00 08 C3 00 00 00 00 9D E9 CE 0D 0A
38 > 37.155.2.67 > 78 78 22 22 17 06 01 0B 32 08 C6 04 65 B9 A3 03 19 28 6D 00 14 00 01 1E 03 5B 6E 00 08 C3 00 00 00 00 9E 83 A5 0D 0A
38 > 37.155.2.67 > 78 78 22 22 17 06 01 0B 32 12 C6 04 65 B9 A3 03 19 28 6D 00 14 00 01 1E 03 5B 6E 00 08 C3 00 00 00 00 9F EF B7 0D 0A
38 > 37.155.2.67 > 78 78 22 22 17 06 01 0B 32 1C C6 04 65 B9 A3 03 19 28 6D 00 14 00 01 1E 03 5B 6E 00 08 C3 00 00 00 00 A0 C3 E7 0D 0A
38 > 37.155.2.67 > 78 78 22 22 17 06 01 0B 32 26 C6 04 65 B9 A3 03 19 28 6D 00 14 00 01 1E 03 5B 6E 00 08 C3 00 00 00 00 A1 CC 7C 0D 0A
38 > 37.155.2.67 > 78 78 22 22 17 06 01 0B 32 30 C6 04 65 B9 A3 03 19 28 6F 00 14 00 01 1E 03 5B 6E 00 08 C3 00 00 00 00 A2 D4 F7 0D 0A
38 > 37.155.2.67 > 78 78 22 22 17 06 01 0C 1D 21 C5 04 65 B8 E0 03 19 26 B9 03 14 3E 01 1E 03 5B 6E 00 08 C3 00 00 00 00 10 DA 25 0D 0A
38 > 37.155.2.67 Is Disconnected !
42 > 37.155.2.67 Connected !
42 > 37.155.2.67 > 78 78 0D 01 03 52 67 21 07 20 72 01 00 16 CA A5 0D 0A
42 > 37.155.2.67 > 78 78 22 22 17 06 01 0B 32 3A C6 04 65 B9 A3 03 19 28 6F 00 14 00 01 1E 03 5B 6E 00 08 C3 00 00 00 00 A3 0D 29 0D 0A
42 > 37.155.2.67 > 78 78 22 22 17 06 01 0B 33 08 C6 04 65 B9 A3 03 19 28 6F 00 14 00 01 1E 03 5B 6E 00 08 C3 00 00 00 00 A4 6F 2A 0D 0A 78 78 22 22 17 06 01 0B 33 12 C6 04 65 B9 A0 03 19 28 6F 00 14 00 01 1E 03 5B 6E 00 08 C3 00 00 00 00 A5 5A 8C 0D 0A 78 78 22 22 17 06 01 0B 33 1C C5 04 65 B9 A0 03 19 28 6F 00 14 00 01 1E 03 5B 6E 00 08 C3 00 00 00 00 A6 81 BE 0D 0A
42 > 37.155.2.67 > 78 78 22 22 17 06 01 0B 33 26 C5 04 65 B9 A0 03 19 28 73 00 14 00 01 1E 03 5B 6E 00 08 C3 00 00 00 00 A7 46 80 0D 0A 78 78 22 22 17 06 01 0B 33 30 C6 04 65 B9 A0 03 19 28 73 00 14 00 01 1E 03 5B 6E 00 08 C3 00 00 00 00 A8 B8 F4 0D 0A
42 > 37.155.2.67 > 78 78 22 22 17 06 01 0C 1D 2B C5 04 65 B8 FB 03 19 27 8F 00 14 3E 01 1E 03 5B 6E 00 08 C3 00 00 00 00 11 9C 0A 0D 0A
42 > 37.155.2.67 > 78 78 22 22 17 06 01 0B 33 3A C6 04 65 B9 9D 03 19 28 75 00 14 00 01 1E 03 5B 6E 00 08 C3 00 00 00 00 A9 EB B0 0D 0A
42 > 37.155.2.67 > 78 78 22 22 17 06 01 0B 34 08 C6 04 65 B9 9D 03 19 28 75 00 14 00 01 1E 03 5B 6E 00 08 C3 00 00 00 00 AA 2A 36 0D 0A
42 > 37.155.2.67 > 78 78 22 22 17 06 01 0B 34 12 C6 04 65 B9 9A 03 19 28 75 00 14 00 01 1E 03 5B 6E 00 08 C3 00 00 00 00 AB C2 20 0D 0A
42 > 37.155.2.67 > 78 78 22 22 17 06 01 0B 34 1C C6 04 65 B9 8E 03 19 28 75 00 14 00 01 1E 03 5B 6E 00 08 C3 00 00 00 00 AC E0 F8 0D 0A 78 78 22 22 17 06 01 0B 34 26 C6 04 65 B9 82 03 19 28 73 00 14 00 01 1E 03 5B 6E 00 08 C3 00 00 00 00 AD E1 80 0D 0A 78 78 22 22 17 06 01 0B 34 30 C6 04 65 B9 7C 03 19 28 79 00 14 00 01 1E 03 5B 6E 00 08 C3 00 00 00 00 AE 16 09 0D 0A 78 78 0A 13 44 06 04 00 01 00 12 70 AA 0D 0A 78 78 22 22 17 06 01 0C 1D 34 C5 04 65 B9 01 03 19 28 2B 00 14 3E 01 1E 03 5B 6E 00 08 C3 00 00 00 00 13 2A 19 0D 0A
42 > 37.155.2.67 > 78 78 22 22 17 06 01 0B 34 3A C6 04 65 B9 82 03 19 28 82 00 14 00 01 1E 03 5B 6E 00 08 C3 00 00 00 00 AF 6D 6B 0D 0A
42 > 37.155.2.67 > 78 78 22 22 17 06 01 0B 35 08 C6 04 65 B9 85 03 19 28 82 00 14 00 01 1E 03 5B 6E 00 08 C3 00 00 00 00 B0 17 A5 0D 0A
42 > 37.155.2.67 > 78 78 22 22 17 06 01 0B 35 12 C6 04 65 B9 85 03 19 28 82 00 14 00 01 1E 03 5B 6E 00 08 C3 00 00 00 00 B1 7B B7 0D 0A
42 > 37.155.2.67 > 78 78 22 22 17 06 01 0B 35 1C C6 04 65 B9 85 03 19 28 7F 00 14 00 01 1E 03 5B 6E 00 08 C3 00 00 00 00 B2 01 EC 0D 0A
42 > 37.155.2.67 > 78 78 22 22 17 06 01 0B 35 26 C6 04 65 B9 82 03 19 28 7C 00 14 00 01 1E 03 5B 6E 00 08 C3 00 00 00 00 B3 BA 62 0D 0A
42 > 37.155.2.67 > 78 78 22 22 17 06 01 0B 35 30 C6 04 65 B9 7F 03 19 28 6A 00 14 00 01 1E 03 5B 6E 00 08 C3 00 00 00 00 B4 9A DE 0D 0A
42 > 37.155.2.67 > 78 78 22 22 17 06 01 0B 35 3A C6 04 65 B9 82 03 19 28 6F 00 14 00 01 1E 03 5B 6E 00 08 C3 00 00 00 00 B5 25 FD 0D 0A
42 > 37.155.2.67 > 78 78 22 22 17 06 01 0B 36 08 C6 04 65 B9 7C 03 19 28 73 00 14 00 01 1E 03 5B 6E 00 08 C3 00 00 00 00 B6 02 95 0D 0A 78 78 22 22 17 06 01 0C 1E 03 C5 04 65 B9 04 03 19 28 D9 00 14 3E 01 1E 03 5B 6E 00 08 C3 00 00 00 00 14 BB C4 0D 0A
42 > 37.155.2.67 > 78 78 22 22 17 06 01 0B 36 36 C6 04 65 B9 B8 03 19 28 D0 00 14 00 01 1E 03 5B 6E 00 08 C3 00 00 00 00 04 C0 70 0D 0A
42 > 37.155.2.67 > 78 78 22 22 17 06 01 0B 37 04 C6 04 65 B9 7C 03 19 28 67 00 14 00 01 1E 03 5B 6E 00 08 C3 00 00 00 00 05 E8 85 0D 0A
42 > 37.155.2.67 > 78 78 22 22 17 06 01 0B 37 0E C6 04 65 B9 31 03 19 27 EC 00 14 00 01 1E 03 5B 6E 00 08 C3 00 00 00 00 06 0A 80 0D 0A
42 > 37.155.2.67 > 78 78 22 22 17 06 01 0B 37 18 C6 04 65 B8 E9 03 19 27 6E 00 14 00 01 1E 03 5B 6E 00 08 C3 00 00 00 00 07 DE B8 0D 0A
42 > 37.155.2.67 > 78 78 22 22 17 06 01 0B 37 21 C6 04 65 B8 B3 03 19 27 2B 00 14 00 01 1E 03 5B 6E 00 08 C3 00 00 00 00 08 14 8C 0D 0A
42 > 37.155.2.67 Is Disconnected !
43 > 37.155.2.67 Connected !
43 > 37.155.2.67 > 78 78 0D 01 03 52 67 21 07 20 72 01 00 24 D8 34 0D 0A
43 > 37.155.2.67 > 78 78 22 22 17 06 01 0B 37 2B C6 04 65 B8 8C 03 19 26 FF 00 14 00 01 1E 03 5B 6E 00 08 C3 00 00 00 00 09 9D 84 0D 0A
43 > 37.155.2.67 > 78 78 22 22 17 06 01 0C 1E 0C C5 04 65 B8 FE 03 19 29 06 00 14 3E 01 1E 03 5B 6E 00 08 C3 00 00 00 00 15 FD 71 0D 0A
43 > 37.155.2.67 > 78 78 22 22 17 06 01 0B 37 36 C6 04 65 B8 86 03 19 26 FF 00 14 00 01 1E 03 5B 6E 00 08 C3 00 00 00 00 0A 7D BF 0D 0A
43 > 37.155.2.67 > 78 78 22 22 17 06 01 0B 38 03 C6 04 65 B8 89 03 19 26 FF 00 14 00 01 1E 03 5B 6E 00 08 C3 00 00 00 00 0B 58 AE 0D 0A
43 > 37.155.2.67 > 78 78 22 22 17 06 01 0B 38 0D C6 04 65 B8 8F 03 19 26 FF 00 14 00 01 1E 03 5B 6E 00 08 C3 00 00 00 00 0C 7A 5D 0D 0A
43 > 37.155.2.67 > 78 78 22 22 17 06 01 0B 38 17 C6 04 65 B8 98 03 19 27 05 00 14 00 01 1E 03 5B 6E 00 08 C3 00 00 00 00 0D D9 96 0D 0A
43 > 37.155.2.67 > 78 78 22 22 17 06 01 0B 38 21 C6 04 65 B8 A1 03 19 27 0A 00 14 00 01 1E 03 5B 6E 00 08 C3 00 00 00 00 0E 45 D7 0D 0A
43 > 37.155.2.67 > 78 78 22 22 17 06 01 0B 38 2B C6 04 65 B8 A4 03 19 26 FF 00 14 00 01 1E 03 5B 6E 00 08 C3 00 00 00 00 0F A3 AE 0D 0A
43 > 37.155.2.67 > 78 78 0A 13 44 06 04 00 01 00 17 27 07 0D 0A 78 78 22 22 17 06 01 0C 1E 16 C5 04 65 B8 E6 03 19 29 0F 01 14 3E 01 1E 03 5B 6E 00 08 C3 00 00 00 00 18 98 EA 0D 0A
43 > 37.155.2.67 > 78 78 22 22 17 06 01 0B 38 35 C6 04 65 B8 A7 03 19 26 F3 00 14 00 01 1E 03 5B 6E 00 08 C3 00 00 00 00 10 82 C0 0D 0A
43 > 37.155.2.67 > 78 78 22 22 17 06 01 0B 39 03 C6 04 65 B8 A7 03 19 26 ED 00 14 00 01 1E 03 5B 6E 00 08 C3 00 00 00 00 11 40 3D 0D 0A
43 > 37.155.2.67 Is Disconnected !